// Jest Snapshot v1, https://goo.gl/fbAQLP

exports[`Options has options and displays value 1`] = `
<div
  className="Options"
>
  <p
    className="Options__state"
  >
    Capacity
    : 
    <strong>
      64GB
    </strong>
  </p>
  <ul
    className="Options__list"
  >
    <li
      className="Option Option--active "
    >
      <button
        className="Option__action"
        onClick={[Function]}
        style={
          Object {
            "backgroundColor": undefined,
          }
        }
      >
        64
      </button>
    </li>
    <li
      className="Option Option--inactive "
    >
      <button
        className="Option__action"
        onClick={[Function]}
        style={
          Object {
            "backgroundColor": undefined,
          }
        }
      >
        256
      </button>
    </li>
  </ul>
</div>
`;
